[0m   [1;30mÛÛÛÛ           [32mR h u d a u r           [30mÛÛÛÛ         [0;34mÉÍÍÍÍÍÍÍÍÍÍÍÍ»
   [1;30mÛÛÛÛÛÛÛÛÛÛÛÛÛÛÛÛÛÛÛÛÛ ÛÛÛÛÛÛÛÛÛÛÛÛÛÛÛÛÛÛÛÛÛ         [0;34mº  [1;35m{LEGEND}  [0;34mº
     [1;30mÛÛÛÛÛÛÛÛÛÛÛÛÛÛÛÛÛÛÛ[33mG[30mÛÛÛÛÛÛÛÛÛÛÛÛÛÛÛÛÛÛÛ    [0;34mÚÄÄÄÄÄÍÊÍÍÍÍÍÍÍÍÍÍÍÍÊÍÄÄÄÄÄÄ¿
     [1;30mÛÛÛÛÛÛÛ[0;36m#-#-#-#-#-#[1;31m>[0;36m#[1;31m<[0;36m#-#-#-#-#-#[1;30mÛÛÛÛÛÛÛ    [0;34m³ [35mG. Town Gate              [34m³
     [1;30mÛÛÛÛÛÛÛ[0;36m|[1;30mÛÛÛÛÛ[0;36m|[1;30mÛÛÛÛÛ[0;36m|[1;30mÛ[0;36m|[1;30mÛÛÛ[0;36m|[1;30mÛÛÛÛÛ[0;36m|[1;30mÛÛÛÛÛÛÛ    [0;34m³ [35mA. Asylum                 [34m³
     [1;30mÛÛÛÛÛÛÛ[0;36m#[1;30mÛÛÛÛÛ[0;36m#[1;30mÛ[42mÚÄ¿[31;40m+[0;36m#[1;30mÛ[0;36m#[1;30mÛ[0;36m#-#[1;30mÛ[41mÚÄ¿[40mÛ[0;36m#[1;30mÛÛÛÛÛÛÛ    [0;34m³ [35mD. Drunken Demon Inn      [34m³
     [1;30mÛÛÛÛÛÛÛ[0;36m|[1;30mÛÛÛÛÛ[0;36m|[1;30mÛ[42m³[33mD[30m³[40mÛ[0;36m|[1;30mÛÛÛÛÛ[0;36m|[1;30mÛ[41m³ ³[40mÛ[0;36m|[1;30mÛÛÛÛÛÛÛ    [0;34m³ [35mB. Bloody Dagger Tavern   [34m³
     [1;30mÛÛÛÛÛÛÛ[0;36m#[1;30mÛÛÛÛÛ[0;36m#[1;31m+[30;42mÀÄÙ[40mÛ[0;36m#-#-[31mM[36m-#[1;31m+[30;41m [33mA[30m³[40mÛ[0;36m#[1;30mÛÛÛÛÛÛÛ    [0;34m³ [35mS. Screaming Wench Tavern [34m³
     [1;30mÛÛÛÛÛÛÛ[0;36m|[1;30mÛÛÛÛÛ[0;36m|[1;30mÛÛÛÛÛ[0;36m|[1;30mÛÛÛÛÛ[0;36m|[1;30mÛ[41m³ ³[40mÛ[0;36m|[1;30mÛÛÛÛÛÛÛ    [0;34m³ [35mF. Fine Mansion           [34m³
     [1;30mÛÛÛÛÛÛÛ[0;36m#[1;30mÛÛÛÛÛ[0;36m#[1;30mÛ[33;46m1[30;40mÛ[33;46m2[30;40mÛ[0;36m#-[1;33;46mB[30;40mÛÛÛ[0;36m#[1;30mÛ[41mÀÄÙ[40mÛ[0;36m#[1;30mÛÛÛÛÛÛÛ    [0;34m³ [35mZ. Balthazar              [34m³
     [1;30mÛÛÛÛÛÛÛ[0;36m|[1;30mÛÛÛÛÛ[0;36m|[1;30mÛ[0;36m|[1;30mÛ[0;36m|[1;30mÛ[0;36m|[1;30mÛ[0;36m|[1;30mÛÛÛ[0;36m|[1;30mÛÛÛÛÛ[0;36m|[1;30mÛÛÛÛÛÛÛ    [0;34m³ [35mT. Thief shop             [34m³
     [1;30mÛÛÛÛÛÛÛ[0;36m#-#-#-#[1;31m>[0;36m#-#-#-#-#[1;31m<[0;36m#-#-#-#[1;30mÛÛÛÛÛÛÛ    [0;34m³ [35m1. Missile Weapons        [34m³
     [1;30mÛÛÛÛÛÛÛ[0;36m|[1;30mÛÛÛÛÛ[0;36m|[1;30mÛ[0;36m|[1;30mÛÛÛ[0;36m|[1;30mÛÛÛ[0;36m|[1;30mÛ[0;36m|[1;30mÛÛÛÛÛ[0;36m|[1;30mÛÛÛÛÛÛÛ    [0;34m³ [35m2. Weapons Shop           [34m³
     [1;30mÛÛÛÛÛÛÛ[0;36m#[1;30mÛÛÛÛÛ[0;36m#[1;30mÛ[33;46m3[30;40mÛ[33;46m4[0;36m-#-[1;33;46m$[30;40mÛ[33;46m5[30;40mÛ[0;36m#[1;30mÛÛÛÛÛ[0;36m#[1;30mÛÛÛÛÛÛÛ    [0;34m³ [35m3. Exotic Weapons         [34m³
     [1;30mÛÛÛÛÛÛÛ[0;36m|[1;30mÛÛÛÛÛ[0;36m|[1;30mÛÛÛÛÛ[0;36m|[1;30mÛÛÛÛÛ[31m+[30mÛÛÛÛÛ[0;36m|[1;30mÛÛÛÛÛÛÛ    [0;34m³ [35m4. Armour Shop            [34m³
     [1;30mÛÛÛÛÛÛÛ[0;36m#[1;30mÛÛÛÛÛ[0;36m#-#[1;30mÛ[33;46mS[0;36m-#-[1;33;46m6[30;40mÛ[0;36m?[1;30mÛ[33;46mF[30;40mÛÛÛÛÛ[0;36m#[1;30mÛÛÛÛÛÛÛ    [0;34m³ [35m5. Mystical Items         [34m³
     [1;30mÛÛÛÛÛÛÛ[0;36m|[1;30mÛÛÛÛÛ[0;36m|[1;30mÛ[31m@[30mÛÛÛ[31m+[30mÛÛÛ[31m+[30mÛ[0;36m|[1;30mÛÛÛÛÛ[0;36m|[1;30mÛÛÛÛÛÛÛ    [0;34m³ [35m6. Trainer                [34m³
     [1;30mÛÛÛÛÛÛÛ[0;36m#[1;30mÛÛÛÛÛ[0;31mM[1;30mÛ[33;46mT[30;40mÛ[33;46m7[0;36m-#-[1;33;46m8[31;40m@[33;46mZ[31;40m+[0;36m#[1;30mÛÛÛÛÛ[0;36m#[1;30mÛÛÛÛÛÛÛ    [0;34m³ [35m7. Temple Healer          [34m³
     [1;30mÛÛÛÛÛÛÛÛÛÛÛÛÛÛÛÛÛÛÛÛÛÛÛÛÛÛÛÛÛÛÛÛÛÛÛÛÛÛÛ    [0;34m³ [35m8. Temple Altar           [34m³
   [1;30mÛÛÛÛÛÛÛÛÛÛÛÛÛÛÛÛÛÛÛÛÛÛÛÛÛÛÛÛÛÛÛÛÛÛÛÛÛÛÛÛÛÛÛ  [0;34mÀÄÄÄÄÄÄÄÄÄÄÄÄÄÄÄÄÄÄÄÄÄÄÄÄÄÄÄÙ
   [1;30mÛÛÛÛ                                   ÛÛÛÛ                                