[0m   [1;30mлллл          [32mK h a z a r a d        [30mлллл         [0;34mЩЭЭЭЭЭЭЭЭЭЭЭЭЛ
   [1;30mллллллллллллллллллллллллллллллллллллллллл         [0;34mК  [1;35m{LEGEND}  [0;34mК
     [1;30mллллллллллллллллллллллллллллллллллллл    [0;34mкФФФФФЭЪЭЭЭЭЭЭЭЭЭЭЭЭЪЭФФФФФФП
     [1;30mлллл[0;36m#-#-#-#-#-#-#-#-#-#-#-#-#-#-#-[1;33;46mM[30;40mлл    [0;34mГ [35mM. Miner's Guild          [34mГ
     [1;30mлллл[0;36m|[1;30mл[31m+[30mллл[31m+[30mллллллл[0;36m|[1;30mллл[31m+[30mл[31m+[30mллл[0;36m|[1;30mллл[0;36m|[1;30mлллл    [0;34mГ [35mF. Forge                  [34mГ
     [1;30mлллл[0;36m#[1;30mл[0;36m#-#[1;30mл[0;36m#-#[1;30mл[0;36m#-[1;33;46mG[30;40mл[0;36m#[1;30mл[0;36m#-#[1;30mл[0;36m#-#[1;30mл[33;46mF[30;40mл[0;36m#[1;30mл[0;36m#[1;30mлллл    [0;34mГ [35mH. Temple Healer          [34mГ
     [1;30mлллл[0;36m|[1;30mллллллллл[0;36m|[1;30mллл[0;36m|[1;30mллллллллллл[0;36m|[1;30mл[0;36m|[1;30mлллл    [0;34mГ [35mA. Arena                  [34mГ
     [1;30mлл[0;36m#[1;30mл[0;36m#[1;30mл[33;46m1[0;36m-#[1;30mл[33;46m$[30;40mл[33;46m2[30;40mл[0;36m#[1;30mл[0;36m#-#-#[1;30mл[0;36m#-[1;33;46m6[30;40mл[33;46mH[0;36m-#[1;30mл[0;36m#-#[1;30mлллл    [0;34mГ [35mG. Gaol Cell              [34mГ
     [1;30mлл[0;36m|[1;30mл[0;36m|[1;30mл[0;36m|[1;30mллл[0;36m|[1;30mл[0;36m|[1;30mл[31m+[30mл[0;36m|[1;30mллл[0;36m|[1;30mллл[0;36m|[1;30mл[0;36m|[1;30mллллл[0;36m|[1;30mлллл    [0;34mГ [35m$. Bank of Khazarad       [34mГ
      [36m-#-#-#-#-#-#-#-#[1;30mл[0;36m#-#-#-#-#-#-#-#[1;30mлллл    [0;34mГ [35m1. Khazarad Inn           [34mГ
     [1;30mлл[0;36m|[1;30mл[0;36m|[1;30mл[0;36m|[1;30mллл[0;36m|[1;30mл[0;36m|[1;30mллл[0;36m|[1;30mллл[0;36m|[1;30mл[0;36m|[1;30mл[0;36m|[1;30mл[0;36m|[1;30mл[0;36m|[1;30mл[0;36m|[1;30mл[0;36m|[1;30mлллл    [0;34mГ [35m2. Axe of Fury Weapons    [34mГ
     [1;30mлл[0;36m#[1;30mл[0;36m#[1;30mл[33;46m3[0;36m-#[1;30mл[33;46m4[30;40mл[33;46m5[30;40mллл[0;36m#-#-#[1;30mл[33;46m7[30;40mл[33;46m8[30;40mл[33;46m9[30;40mл[0;36m#[1;30mл[0;36m#[1;30mл[0;36m#[1;30mлллл    [0;34mГ [35m3. Frothing Mug Tavern    [34mГ
     [1;30mлллл[0;36m|[1;30mллллллллллллл[0;36m|[1;30mллллллллл[0;36m|[1;30mллл[0;36m|[1;30mлллл    [0;34mГ [35m4. General Store          [34mГ
     [1;30mлллл[0;36m#[1;30mл[0;36m#-#[1;30mл[0;36m#-#[1;30mл[0;36m#-#[1;30mл[0;36m#[1;30mл[0;36m#-#[1;30mл[0;36m#-#[1;30mл[33;46mA[0;36m-#[1;30mл[0;36m#[1;30mлллл    [0;34mГ [35m5. Heavy Armour Store     [34mГ
     [1;30mлллл[0;36m|[1;30mл[31m+[30mллллл[31m+[30mл[31m+[30mллл[0;36m|[1;30mл[31m+[30mллл[31m+[30mллллллл[0;36m|[1;30mлллл    [0;34mГ [35m6. Droth's Deadly Weaponry[34mГ
     [1;30mлллл[0;36m#-#-#-#-#-#-#-#-#-#-#-#-#-#-#[1;30mлллл    [0;34mГ [35m7. Harkul's Haberdashery  [34mГ
     [1;30mллллллллллллллллллллллллллллллллллллл    [0;34mГ [35m8. Leather Armour Store   [34mГ
   [1;30mллллллллллллллллллллллллллллллллллллллллл  [0;34mГ [35m9. Gorthun's Gemstones    [34mГ
   [1;30mлллл                                 лллл  [0;34mРФФФФФФФФФФФФФФФФФФФФФФФФФФФй    